#-----------------------------------------------------------
# Vivado v2023.2 (64-bit)
# SW Build 4029153 on Fri Oct 13 20:13:54 MDT 2023
# IP Build 4028589 on Sat Oct 14 00:45:43 MDT 2023
# SharedData Build 4025554 on Tue Oct 10 17:18:54 MDT 2023
# Start of session at: Mon Jan  5 18:50:35 2026
# Process ID: 1873991
# Current directory: /home/johncrespo/MADVI/fpga/vivado_zynq_proj_9n5w7zv_
# Command line: vivado -mode batch -source /home/johncrespo/MADVI/fpga/vivado_zynq_proj_9n5w7zv_/ip_config.tcl
# Log file: /home/johncrespo/MADVI/fpga/vivado_zynq_proj_9n5w7zv_/vivado.log
# Journal file: /home/johncrespo/MADVI/fpga/vivado_zynq_proj_9n5w7zv_/vivado.jou
# Running On: n3-24-136.dhcp.drexel.edu, OS: Linux, CPU Frequency: 800.318 MHz, CPU Physical cores: 16, Host memory: 33328 MB
#-----------------------------------------------------------
source /home/johncrespo/MADVI/fpga/vivado_zynq_proj_9n5w7zv_/ip_config.tcl
# set FREQ_MHZ 200
# set NUM_AXILITE 2
# if {$NUM_AXILITE > 9} {
#     error "Maximum 10 AXI-Lite interfaces supported"
# }
# set NUM_AXIMM 2
# set BOARD Pynq-Z2
# set FPGA_PART xc7z020clg400-1
# create_project finn_zynq_link ./ -part $FPGA_PART -force
# set paths_prop [get_property BOARD_PART_REPO_PATHS [current_project]]
# set paths_param [get_param board.repoPaths]
# lappend paths_prop /home/johncrespo/FPGA/BRH_Tutorials/8_Python_to_FPGA/finn/deps/board_files
# lappend paths_param /home/johncrespo/FPGA/BRH_Tutorials/8_Python_to_FPGA/finn/deps/board_files
# set_property BOARD_PART_REPO_PATHS $paths_prop [current_project]
# set_param board.repoPaths $paths_param
# if {$BOARD == "ZCU104"} {
#     set_property board_part xilinx.com:zcu104:part0:1.1 [current_project]
#     set ZYNQ_TYPE "zynq_us+"
# } elseif {$BOARD == "ZCU102"} {
#     set_property board_part xilinx.com:zcu102:part0:3.3 [current_project]
#     set ZYNQ_TYPE "zynq_us+"
# } elseif {$BOARD == "RFSoC2x2"} {
#     set_property board_part xilinx.com:rfsoc2x2:part0:1.1 [current_project]
#     set ZYNQ_TYPE "zynq_us+"
# } elseif {$BOARD == "RFSoC4x2"} {
#     set_property board_part realdigital.org:rfsoc4x2:part0:1.0 [current_project]
#     set ZYNQ_TYPE "zynq_us+"
# } elseif {$BOARD == "Ultra96"} {
#     set_property board_part avnet.com:ultra96v1:part0:1.2 [current_project]
#     set ZYNQ_TYPE "zynq_us+"
# } elseif {$BOARD == "Ultra96-V2"} {
#     set_property board_part avnet.com:ultra96v2:part0:1.2 [current_project]
#     set ZYNQ_TYPE "zynq_us+"
# } elseif {$BOARD == "Pynq-Z2"} {
#     set ZYNQ_TYPE "zynq_7000"
#     set_property board_part tul.com.tw:pynq-z2:part0:1.0 [current_project]
# } elseif {$BOARD == "Pynq-Z1"} {
#     set ZYNQ_TYPE "zynq_7000"
#     set_property board_part www.digilentinc.com:pynq-z1:part0:1.0 [current_project]
# } elseif {$BOARD == "KV260_SOM"} {
#     set ZYNQ_TYPE "zynq_us+"
#     set_property board_part xilinx.com:kv260_som:part0:1.3 [current_project]
# } else {
#     puts "Unrecognized board"
# }
# create_bd_design "top"
Wrote  : </home/johncrespo/MADVI/fpga/vivado_zynq_proj_9n5w7zv_/finn_zynq_link.srcs/sources_1/bd/top/top.bd> 
# if {$ZYNQ_TYPE == "zynq_us+"} {
#     set zynq_ps_vlnv [get_property VLNV [get_ipdefs "xilinx.com:ip:zynq_ultra_ps_e:*"]]
#     create_bd_cell -type ip -vlnv $zynq_ps_vlnv zynq_ps
#     apply_bd_automation -rule xilinx.com:bd_rule:zynq_ultra_ps_e -config {apply_board_preset "1" }  [get_bd_cells zynq_ps]
#     #activate one slave port, deactivate the second master port
#     set_property -dict [list CONFIG.PSU__USE__S_AXI_GP2 {1}] [get_bd_cells zynq_ps]
#     set_property -dict [list CONFIG.PSU__USE__M_AXI_GP1 {0}] [get_bd_cells zynq_ps]
#     #set frequency of PS clock (this can't always be exactly met)
#     set_property -dict [list CONFIG.PSU__OVERRIDE__BASIC_CLOCK {0}] [get_bd_cells zynq_ps]
#     set_property -dict [list CONFIG.PSU__CRL_APB__PL0_REF_CTRL__FREQMHZ [expr int($FREQ_MHZ)]] [get_bd_cells zynq_ps]
# } elseif {$ZYNQ_TYPE == "zynq_7000"} {
#     set zynq_ps_vlnv [get_property VLNV [get_ipdefs "xilinx.com:ip:processing_system7:*"]]
#     create_bd_cell -type ip -vlnv $zynq_ps_vlnv zynq_ps
#     apply_bd_automation -rule xilinx.com:bd_rule:processing_system7 -config {make_external "FIXED_IO, DDR" apply_board_preset "1" Master "Disable" Slave "Disable" }  [get_bd_cells zynq_ps]
#     set_property -dict [list CONFIG.PCW_USE_S_AXI_HP0 {1}] [get_bd_cells zynq_ps]
#     set_property -dict [list CONFIG.PCW_FPGA0_PERIPHERAL_FREQMHZ [expr int($FREQ_MHZ)]] [get_bd_cells zynq_ps]
# } else {
#     puts "Unrecognized Zynq type"
# }
CRITICAL WARNING: [PSU-1]  Parameter : PCW_UIPARAM_DDR_DQS_TO_CLK_DELAY_0 has negative value -0.051 . PS DDR interfaces might fail when entering negative DQS skew values. 
CRITICAL WARNING: [PSU-2]  Parameter : PCW_UIPARAM_DDR_DQS_TO_CLK_DELAY_1 has negative value -0.006 . PS DDR interfaces might fail when entering negative DQS skew values. 
CRITICAL WARNING: [PSU-3]  Parameter : PCW_UIPARAM_DDR_DQS_TO_CLK_DELAY_2 has negative value -0.009 . PS DDR interfaces might fail when entering negative DQS skew values. 
CRITICAL WARNING: [PSU-4]  Parameter : PCW_UIPARAM_DDR_DQS_TO_CLK_DELAY_3 has negative value -0.033 . PS DDR interfaces might fail when entering negative DQS skew values. 
CRITICAL WARNING: [PSU-1]  Parameter : PCW_UIPARAM_DDR_DQS_TO_CLK_DELAY_0 has negative value -0.051 . PS DDR interfaces might fail when entering negative DQS skew values. 
CRITICAL WARNING: [PSU-2]  Parameter : PCW_UIPARAM_DDR_DQS_TO_CLK_DELAY_1 has negative value -0.006 . PS DDR interfaces might fail when entering negative DQS skew values. 
CRITICAL WARNING: [PSU-3]  Parameter : PCW_UIPARAM_DDR_DQS_TO_CLK_DELAY_2 has negative value -0.009 . PS DDR interfaces might fail when entering negative DQS skew values. 
CRITICAL WARNING: [PSU-4]  Parameter : PCW_UIPARAM_DDR_DQS_TO_CLK_DELAY_3 has negative value -0.033 . PS DDR interfaces might fail when entering negative DQS skew values. 
# set interconnect_vlnv [get_property VLNV [get_ipdefs -all "xilinx.com:ip:axi_interconnect:*" -filter design_tool_contexts=~*IPI*]]
# set smartconnect_vlnv [get_property VLNV [get_ipdefs "xilinx.com:ip:smartconnect:*"]]
# create_bd_cell -type ip -vlnv $interconnect_vlnv axi_interconnect_0
# create_bd_cell -type ip -vlnv $smartconnect_vlnv smartconnect_0
# set_property -dict [list CONFIG.NUM_SI $NUM_AXIMM] [get_bd_cells smartconnect_0]
# set_property -dict [list CONFIG.NUM_MI $NUM_AXILITE] [get_bd_cells axi_interconnect_0]
# if {$ZYNQ_TYPE == "zynq_us+"} {
#     set axi_peripheral_base 0xA0000000
#     connect_bd_intf_net [get_bd_intf_pins smartconnect_0/M00_AXI] [get_bd_intf_pins zynq_ps/S_AXI_HP0_FPD]
#     connect_bd_intf_net [get_bd_intf_pins zynq_ps/M_AXI_HPM0_FPD] -boundary_type upper [get_bd_intf_pins axi_interconnect_0/S00_AXI]
#     #connect interconnect clocks and resets
#     apply_bd_automation -rule xilinx.com:bd_rule:clkrst -config { Clk {/zynq_ps/pl_clk0} Freq {} Ref_Clk0 {} Ref_Clk1 {} Ref_Clk2 {}}  [get_bd_pins axi_interconnect_0/ACLK]
#     apply_bd_automation -rule xilinx.com:bd_rule:clkrst -config { Clk {/zynq_ps/pl_clk0} Freq {} Ref_Clk0 {} Ref_Clk1 {} Ref_Clk2 {}}  [get_bd_pins axi_interconnect_0/S00_ACLK]
#     apply_bd_automation -rule xilinx.com:bd_rule:clkrst -config { Clk {/zynq_ps/pl_clk0} Freq {} Ref_Clk0 {} Ref_Clk1 {} Ref_Clk2 {}}  [get_bd_pins zynq_ps/saxihp0_fpd_aclk]
# } elseif {$ZYNQ_TYPE == "zynq_7000"} {
#     set axi_peripheral_base 0x40000000
#     connect_bd_intf_net -boundary_type upper [get_bd_intf_pins zynq_ps/M_AXI_GP0] [get_bd_intf_pins axi_interconnect_0/S00_AXI]
#     connect_bd_intf_net [get_bd_intf_pins smartconnect_0/M00_AXI] [get_bd_intf_pins zynq_ps/S_AXI_HP0]
#     apply_bd_automation -rule xilinx.com:bd_rule:clkrst -config { Clk {/zynq_ps/FCLK_CLK0} Freq {} Ref_Clk0 {} Ref_Clk1 {} Ref_Clk2 {}}  [get_bd_pins axi_interconnect_0/ACLK]
#     apply_bd_automation -rule xilinx.com:bd_rule:clkrst -config { Clk {/zynq_ps/FCLK_CLK0} Freq {} Ref_Clk0 {} Ref_Clk1 {} Ref_Clk2 {}}  [get_bd_pins axi_interconnect_0/S00_ACLK]
#     apply_bd_automation -rule xilinx.com:bd_rule:clkrst -config { Clk {/zynq_ps/FCLK_CLK0} Freq {} Ref_Clk0 {} Ref_Clk1 {} Ref_Clk2 {}}  [get_bd_pins zynq_ps/S_AXI_HP0_ACLK]
# }
INFO: [Ipptcl 7-1463] No Compatible Board Interface found. Board Tab not created in customize GUI
# connect_bd_net [get_bd_pins axi_interconnect_0/ARESETN] [get_bd_pins smartconnect_0/aresetn]
# proc assign_axi_addr_proc {axi_intf_path} {
#     #global variable holds current base address
#     global axi_peripheral_base
#     #infer range
#     set range [expr 2**[get_property CONFIG.ADDR_WIDTH [get_bd_intf_pins $axi_intf_path]]]
#     set range [expr $range < 4096 ? 4096 : $range]
#     #align base address to range
#     set offset [expr ($axi_peripheral_base + ($range-1)) & ~($range-1)]
#     #perform assignment
#     assign_bd_address [get_bd_addr_segs $axi_intf_path/Reg*] -offset $offset -range $range
#     #advance base address
#     set axi_peripheral_base [expr $offset + $range]
# }
# set_property ip_repo_paths [concat [get_property ip_repo_paths [current_project]] [list /tmp/finn_dev_root/code_gen_ipgen_StreamingDataflowPartition_0_IODMA_hls_0_nw64ed9c/project_StreamingDataflowPartition_0_IODMA_hls_0/sol1/impl/ip /tmp/finn_dev_root/vivado_stitch_proj_s6m9sah8/ip]] [current_project]
# update_ip_catalog -rebuild -scan_changes
INFO: [IP_Flow 19-234] Refreshing IP repositories
WARNING: [IP_Flow 19-2248] Failed to load user IP repository '/tmp/finn_dev_root/code_gen_ipgen_StreamingDataflowPartition_0_IODMA_hls_0_nw64ed9c/project_StreamingDataflowPartition_0_IODMA_hls_0/sol1/impl/ip'; Can't find the specified path.
If this directory should no longer be in your list of user repositories, go to the IP Settings dialog and remove it.
WARNING: [IP_Flow 19-2248] Failed to load user IP repository '/tmp/finn_dev_root/vivado_stitch_proj_s6m9sah8/ip'; Can't find the specified path.
If this directory should no longer be in your list of user repositories, go to the IP Settings dialog and remove it.
# create_bd_cell -type ip -vlnv xilinx_finn:finn:StreamingDataflowPartition_0:1.0 idma0
ERROR: [BD 5-390] IP definition not found for VLNV: xilinx_finn:finn:StreamingDataflowPartition_0:1.0 
ERROR: [Common 17-39] 'create_bd_cell' failed due to earlier errors.

    while executing
"create_bd_cell -type ip -vlnv xilinx_finn:finn:StreamingDataflowPartition_0:1.0 idma0"
    (file "/home/johncrespo/MADVI/fpga/vivado_zynq_proj_9n5w7zv_/ip_config.tcl" line 118)
INFO: [Common 17-206] Exiting Vivado at Mon Jan  5 18:50:46 2026...
